---
source: tests/tui_snapshot_tests.rs
assertion_line: 139
expression: capture_buffer(&mut app)
---
╭──────────────────────────────────────────────────────────────────────────────────────────────────╮
│🖥 Tark Terminal  <WORKING_DIR>                 ┌ Panel ──────────────────────────┐│
│                                                               │  VIM: INSERT                    ↑│
│┌ Messages ───────────────────────────────────────────────────┐│                                 █│
││› ● System Welcome to Tark TUI (TDD Implementation)          ││▼ Session                        █│
││                                                             ││  Session                        █│
││  ● System Type a message and press Enter. Press Ct          ││  $0.015 (3 models) ▼            █│
││           rl+C to quit.                                     ││  0 tokens total                 █│
││                                                             ││                                 █│
││                                                             ││▼ Context  14.8k                 █│
││                                                             ││  14.8k / 128.0k tokens (11.6%)  █│
││                                                             ││  ██░░░░░░░░░░░░░░░░░░           █│
││                                                             ││  Sys: 1.5k  Hist: 12.0k         █│
││                                                             ││  Tools: 800  Files: 500         █│
││                                                             ││  LOADED FILES (0)               █│
││                                                             ││                                 █│
││                                                             ││▼ Tasks 8                       ↑█│
││                                                             ││  ● Understanding the codebas...██│
││                                                             ││    Active                      ██│
││                                                             ││  QUEUED                        ██│
││                                                             ││  ○ Which is the most complex...██│
│└─────────────────────────────────────────────────────────────┘│  ○ Refactor the gaming class...║║│
│                               ·                               │  ○ Optimize database queries   ║║│
│┌ Prompt ─────────────────────────────────────────────────────┐│  ○ Fix authentication bug      ↓║│
││ Type a message...                                           ││▼ 📋  Todo 0/0                    ║│
││                                                             ││                                 ║│
││                                                             ││▼ Git Changes 5                  ║│
│└─────────────────────────────────────────────────────────────┘│  🐱  ▼                           ↓│
│agent • Ask ▼   [🧠 ] [💭 ]  ≡ 7         ● tark_llm TARK_SIM  [?]└─────────────────────────────────┘│
╰──────────────────────────────────────────────────────────────────────────────────────────────────╯
