---
source: tests/tui_snapshot_tests.rs
expression: capture_buffer(&mut app)
---
╭──────────────────────────────────────────────────────────────────────────────────────────────────╮
│🖥 Tark Terminal  <WORKING_DIR>                 ┌ Panel ──────────────────────────┐│
│                                                               │  VIM: INSERT                    ↑│
│┌ Messages ───────────────────────────────────────────────────┐│                                 █│
││● System Welcome to Tark TUI (TDD Implementation)            ││▼ Session                        █│
││                                                             ││  ⎇ main                         █│
││● System Type a message and press Enter. Press Ctrl          ││  $0.015 (3 models) ▼            █│
││         +C to quit.                                         ││  0 tokens total                 █│
││                                                             ││                                 █│
││                                                             ││                                 █│
││                                                             ││▼ Context  1.8k                  █│
││                                                             ││  1833 / 1000000 tokens          █│
││                                                             ││  Usage: 0.2%                    █│
││                                                             ││  LOADED FILES (0)               █│
││                                                             ││                                 █│
││                                                             ││                                 █│
││                                                             ││▼ Tasks 8                       ↑█│
││                                                             ││  ⟳ Understanding the codebase a██│
││                                                             ││  QUEUED                        ██│
││                                                             ││  ○ Which is the most complex co║█│
││                                                             ││  ○ Refactor the gaming class st↓█│
││                                                             ││▼ Git Changes 5                 ↑█│
│└─────────────────────────────────────────────────────────────┘│  ⎇ main                        ██│
│┌ Prompt ─────────────────────────────────────────────────────┐│  M3 A1 D1                      ██│
││Create a test plan                                           ││  M src/components/Sidebar.tsx +█║│
││                                                             ││  A src/utils/helpers.ts        ║║│
││                                                             ││  D public/legacy-logo.svg      ↓║│
│└─────────────────────────────────────────────────────────────┘│  🎨  Catppuccin Mocha  ▼         ↓│
│agent • Plan ▼   [🧠 ]  ≡ 7   ● Claude 3.5 Sonnet ANTHROPIC  [?]└─────────────────────────────────┘│
╰──────────────────────────────────────────────────────────────────────────────────────────────────╯
